2026-09-24 14:10:13,506 [DEBUG] config = {"input_dir": "input", "output_dir": "output", "output_name": "final_tiktok.mp4", "keep_history": true, "files": {"audio": null, "lyrics": null, "background": null}, "video": {"width": 1080, "height": 1920, "fps": 30, "crf": 18, "preset": "slow", "audio_bitrate": "320k", "audio_sample_rate": "source", "fade_in_sec": 0.4, "fade_out_sec": 1.2}, "background": {"brightness": 0.78, "saturation": 1.0, "contrast": 1.0, "blur": 0, "vignette": true, "text_scrim": 0.28, "fit": "cover", "video_start_sec": 0.0, "loop_crossfade_sec": 1.0, "image_motion": "auto", "image_zoom": 1.15, "image_crossfade_sec": 1.2, "motion_seed": 0}, "font": {"file": "auto", "name": "auto", "size": 92, "bold": true}, "subtitle": {"position_y": 0.6, "margin_x": 90, "safe_top": 0.14, "safe_bottom": 0.24, "max_lines": 2, "max_chars_per_line": 0, "phrase_max_chars": 12, "line_spacing": 0.18, "letter_spacing": 1, "primary_color": "#FFFFFF", "outline_color": "#000000", "outline": 6, "outline_blur": 1.5, "shadow": 3, "shadow_color": "#000000", "shadow_alpha": 0.55, "animation": "slide_up", "fade_in_ms": 180, "fade_out_ms": 160, "lead_in_sec": 0.12, "hold_sec": 0.45, "min_duration": 0.8, "max_duration": 6.0, "gap_sec": 0.06, "beat_snap": true, "beat_snap_tolerance": 0.16}, "chorus": {"enabled": true, "detect": "auto", "scale": 1.15, "animation": "pop", "color": null}, "emphasis": {"enabled": true, "auto": true, "words": [], "scale": 1.28, "color": "#FFE45C", "max_auto_words": 6, "max_per_phrase": 1}, "timing": {"method": "auto", "whisper_model": "small", "language": "ja", "device": "auto", "compute_type": "auto", "vocal_separation": "auto", "use_lyrics_prompt": true, "min_match_ratio": 0.2, "offset_sec": 0.0, "models_dir": "models"}, "variants": 1}
2026-09-24 14:10:13,506 [DEBUG] python = 3.11.15 (main, Mar  3 2026, 09:26:23) [GCC 13.3.0] / platform = linux
2026-09-24 14:10:13,522 [INFO] [検出] 音源   : /home/user/keiba-ai/songs/会ってもよかったな/song.mp3
2026-09-24 14:10:13,523 [INFO] [検出] 歌詞   : /home/user/keiba-ai/songs/会ってもよかったな/lyrics.txt
2026-09-24 14:10:13,523 [INFO] [検出] 背景   : /home/user/keiba-ai/songs/会ってもよかったな/background.mp4
2026-09-24 14:10:14,325 [DEBUG] [ffmpeg:音源のデコード(22050Hz)] cwd=None
  /usr/local/lib/python3.11/dist-packages/imageio_ffmpeg/binaries/ffmpeg-linux-x86_64-v7.0.2 -hide_banner -nostdin -y -loglevel warning -nostats -i /home/user/keiba-ai/songs/会ってもよかったな/song.mp3 -vn -ar 22050 -c:a pcm_s16le /home/user/keiba-ai/output/会ってもよかったな/_work/analysis_stereo.wav
2026-09-24 14:10:14,495 [DEBUG] [ffmpeg:音源のデコード(22050Hz)] exit=0 0.2s

2026-09-24 14:11:19,581 [INFO] [解析] 長さ 54.32s / BPM≈89.1 / 拍 82 / 音の鳴り始め 0.98s・終わり 53.73s
2026-09-24 14:11:19,888 [INFO] [フォント] Noto Sans JP Black (/home/user/keiba-ai/fonts/NotoSansJP-Black.otf)
2026-09-24 14:11:19,889 [INFO] [歌詞] 16 行 / 4 ブロック
2026-09-24 14:11:19,889 [INFO] [タイミング] stable-ts 未インストールのため強制アラインメントはスキップ
2026-09-24 14:11:22,645 [INFO] [タイミング] Spleeter (sherpa-onnx) でボーカルを分離中 ...
2026-09-24 14:11:22,646 [DEBUG] [ffmpeg:音源のデコード(44100Hz)] cwd=None
  /usr/local/lib/python3.11/dist-packages/imageio_ffmpeg/binaries/ffmpeg-linux-x86_64-v7.0.2 -hide_banner -nostdin -y -loglevel warning -nostats -i /home/user/keiba-ai/songs/会ってもよかったな/song.mp3 -vn -ar 44100 -c:a pcm_s16le /home/user/keiba-ai/output/会ってもよかったな/_work/sep_in.wav
2026-09-24 14:11:22,843 [DEBUG] [ffmpeg:音源のデコード(44100Hz)] exit=0 0.2s

2026-09-24 14:11:35,161 [DEBUG] [ffmpeg:音源のデコード(16000Hz)] cwd=None
  /usr/local/lib/python3.11/dist-packages/imageio_ffmpeg/binaries/ffmpeg-linux-x86_64-v7.0.2 -hide_banner -nostdin -y -loglevel warning -nostats -i /home/user/keiba-ai/output/会ってもよかったな/_work/vocals.wav -vn -ar 16000 -ac 1 -c:a pcm_s16le /home/user/keiba-ai/output/会ってもよかったな/_work/whisper_16k.wav
2026-09-24 14:11:35,264 [DEBUG] [ffmpeg:音源のデコード(16000Hz)] exit=0 0.1s
[aist#0:0/pcm_s16le @ 0x44a5aa80] Guessed Channel Layout: stereo

2026-09-24 14:11:35,264 [INFO] [タイミング] ReazonSpeech (sherpa-onnx) で歌声を認識中 ...
2026-09-24 14:11:53,109 [DEBUG] [sherpa] 0.0-11.6s: 駅までの帰り道いつもより少し遠く感じた何を話してたかなんてもうほとんど覚えてない
2026-09-24 14:11:53,704 [DEBUG] [sherpa] 11.6-24.2s: 最後に笑った顔だけ妙に残ってる連絡するほどでもない忘れるほどでもない信号が青に変わっ
2026-09-24 14:11:54,539 [DEBUG] [sherpa] 24.2-42.2s: みんな先に歩き出す俺だけ少し遅れてさっきの時間を引きずってる好きだったろうかそんな話じゃないただもう一回くらい待っても
2026-09-24 14:11:55,067 [DEBUG] [sherpa] 42.2-54.3s: よかったな
2026-09-24 14:11:55,156 [DEBUG] [タイミング] 単語 146 個: 駅 ま で の 帰 り 道 い つ も よ り 少 し 遠 く 感 じ た 何 を 話 し て た か な ん て も う ほ と ん ど 覚 え て な い 最 後 に 笑 っ た 顔 だ け 妙 に 残 っ て る 連 絡 す る ほ ど で も な い 忘 れ る ほ ど で も な い 信 号 が 青 に 変 わ っ み ん な 先 に 歩 き 出 す 俺 だ け 少 し 遅 れ て さ っ き の 時 間 を 引 き ず っ て る 好 き だ っ た ろ う か そ ん な 話 じ ゃ な い た だ も う 一 回 く ら い 待 っ て も よ か っ た な
2026-09-24 14:11:56,671 [INFO] [タイミング] sherpa: 歌詞との一致率 84%
2026-09-24 14:11:56,672 [INFO] [字幕] 17 フレーズ（1 行あたり最大 全角 10 文字 / 最大 2 行）
2026-09-24 14:11:56,672 [DEBUG]     0.00-  2.61   駅までの帰り道
2026-09-24 14:11:56,672 [DEBUG]     2.67-  5.95   いつもより / 少し遠く感じた
2026-09-24 14:11:56,672 [DEBUG]     6.01-  8.62   何を話してたかなんて
2026-09-24 14:11:56,672 [DEBUG]     8.68- 10.95   もうほとんど覚えてない
2026-09-24 14:11:56,672 [DEBUG]    11.01- 14.29   ただ最後に笑った顔だけ
2026-09-24 14:11:56,672 [DEBUG]    14.35- 16.55   妙に残ってる
2026-09-24 14:11:56,673 [DEBUG]    16.61- 18.96   連絡するほどでもない
2026-09-24 14:11:56,673 [DEBUG]    19.02- 21.96   忘れるほどでもない
2026-09-24 14:11:56,673 [DEBUG]    22.02- 23.96   信号が青に変わって
2026-09-24 14:11:56,673 [DEBUG]    24.02- 26.97   みんな先に歩き出す
2026-09-24 14:11:56,673 [DEBUG]    27.03- 29.62   俺だけ少し遅れて
2026-09-24 14:11:56,673 [DEBUG]    29.68- 30.96   さっきの時間を
2026-09-24 14:11:56,673 [DEBUG]    31.02- 32.31   引きずってる
2026-09-24 14:11:56,673 [DEBUG]    32.37- 35.29 ★ 好きだったとか
2026-09-24 14:11:56,673 [DEBUG]    35.35- 37.95 ★ そんな話じゃない
2026-09-24 14:11:56,673 [DEBUG]    38.01- 40.30 ★ ただもう一回くらい
2026-09-24 14:11:56,673 [DEBUG]    40.36- 44.56 ★ 会ってもよかったな
2026-09-24 14:11:56,676 [INFO] [字幕] lyrics.ass / lyrics.srt / lyrics.lrc を書き出しました（タイミング: sherpa）
2026-09-24 14:11:56,791 [DEBUG] fontselect: {('Noto Sans JP Black', 'NotoSansJP-Black')}
2026-09-24 14:11:56,791 [INFO] ---- 動画 1/1: final_tiktok.mp4 ----
2026-09-24 14:11:56,814 [INFO] [背景] 動画 16.0s を曲の長さ 54.3s までループ（継ぎ目を 1.0s クロスフェード）
2026-09-24 14:11:56,814 [DEBUG] [ffmpeg:背景ループ素材] cwd=None
  /usr/local/lib/python3.11/dist-packages/imageio_ffmpeg/binaries/ffmpeg-linux-x86_64-v7.0.2 -hide_banner -nostdin -y -loglevel warning -nostats -progress pipe:1 -ss 0.000 -i /home/user/keiba-ai/songs/会ってもよかったな/background.mp4 -filter_complex [0:v]scale=1080:1920:force_original_aspect_ratio=increase:flags=lanczos,crop=1080:1920,setsar=1,fps=30,split[m][h];[m]trim=start=1.000:end=16.000,setpts=PTS-STARTPTS,fps=30[a];[h]trim=start=0:end=1.000,setpts=PTS-STARTPTS,fps=30[b];[a][b]xfade=transition=fade:duration=1.000:offset=14.000,format=yuv420p[v] -map [v] -c:v libx264 -preset veryfast -crf 14 -pix_fmt yuv420p -an /home/user/keiba-ai/output/会ってもよかったな/_work/bg_loop_v0.mp4
2026-09-24 14:12:16,500 [DEBUG] [ffmpeg:背景ループ素材] exit=0 19.7s

2026-09-24 14:12:16,587 [INFO] [書き出し] エンコード中 ...（CRF 18 / slow）
2026-09-24 14:12:16,587 [DEBUG] [ffmpeg:最終エンコード] cwd=/home/user/keiba-ai/output/会ってもよかったな/_work
  /usr/local/lib/python3.11/dist-packages/imageio_ffmpeg/binaries/ffmpeg-linux-x86_64-v7.0.2 -hide_banner -nostdin -y -loglevel warning -nostats -progress pipe:1 -stream_loop -1 -i /home/user/keiba-ai/output/会ってもよかったな/_work/bg_loop_v0.mp4 -i /home/user/keiba-ai/songs/会ってもよかったな/song.mp3 -loop 1 -framerate 30 -i /home/user/keiba-ai/output/会ってもよかったな/_work/scrim.png -filter_complex [0:v]null,fps=30,format=yuv420p,colorlevels=romax=0.780:gomax=0.780:bomax=0.780,vignette=angle=PI/5[bg];[2:v]format=rgba[sc];[bg][sc]overlay=0:0:shortest=1:format=auto[bs];[bs]ass=render.ass:fontsdir=fonts,fade=t=in:st=0:d=0.40,fade=t=out:st=53.120:d=1.20,scale=out_color_matrix=bt709:out_range=tv,format=yuv420p[v] -map [v] -map 1:a:0 -t 54.320 -c:v libx264 -preset slow -crf 18 -profile:v high -level:v 4.2 -pix_fmt yuv420p -r 30 -g 60 -bf 2 -color_primaries bt709 -color_trc bt709 -colorspace bt709 -c:a aac -b:a 320k -movflags +faststart -tag:v avc1 /home/user/keiba-ai/output/会ってもよかったな/_work/render_tmp.mp4
2026-09-24 14:14:35,455 [DEBUG] [ffmpeg:最終エンコード] exit=0 138.9s

2026-09-24 14:14:35,484 [INFO] [確認] final_tiktok.mp4: 1080x1920 / 54.33s / 30.0 fps / 21.8 MB
2026-09-24 14:14:35,484 [INFO] 完了 (262 秒): /home/user/keiba-ai/output/会ってもよかったな/final_tiktok.mp4
2026-09-24 14:14:35,484 [INFO] ログ: /home/user/keiba-ai/output/会ってもよかったな/logs/generate_20260924_141013.log
